// Jest Snapshot v1, https://goo.gl/fbAQLP

exports[`ChatBubble should match snapshot 1`] = `
<div
  className="chat-bubble-list"
>
  <div
    className="chat-container"
  >
    <p
      className="announcement-time"
    >
      22:33 2021-02-28
    </p>
    <div
      className="current-user-chat-container"
    >
      <img
        alt="user"
        className="user-picture"
        src="http://localhost:3333/api/media/1"
      />
      <p
        className="chat-bubble"
      >
        message 1 from user 1, current user id is 1
      </p>
    </div>
  </div>
  <div
    className="chat-container"
  >
    <p
      className="announcement-time"
    >
      22:33 2021-02-28
    </p>
    <div
      className="other-user-chat-container"
    >
      <img
        alt="user"
        className="user-picture"
        src="http://localhost:3333/api/media/1"
      />
      <p
        className="chat-bubble"
      >
        message 2 from user 2
      </p>
    </div>
  </div>
  <div
    className="chat-container"
  >
    <p
      className="announcement-time"
    >
      22:33 2021-02-28
    </p>
    <div
      className="other-user-chat-container"
    >
      <img
        alt="user"
        className="user-picture"
        src="http://localhost:3333/api/media/1"
      />
      <p
        className="chat-bubble"
      >
        message 3 from user 3
      </p>
    </div>
  </div>
</div>
`;
