// Jest Snapshot v1, https://goo.gl/fbAQLP

exports[`SubNavigationBar should match snapshot 1`] = `
<div
  className="page-container"
>
  <div
    className="subnavigation-container"
  >
    <a
      aria-current={null}
      className="subnavigation-link"
      data-testid="subnavigation-discover-button"
      href="/discover"
      onClick={[Function]}
    >
      Discover
    </a>
    <a
      aria-current={null}
      className="subnavigation-link"
      data-testid="subnavigation-upcoming-button"
      href="/upcoming"
      onClick={[Function]}
    >
      Upcoming
    </a>
    <a
      aria-current={null}
      className="subnavigation-link"
      data-testid="subnavigation-myEvents-button"
      href="/myevents"
      onClick={[Function]}
    >
      My Events
    </a>
  </div>
</div>
`;
