// Jest Snapshot v1, https://goo.gl/fbAQLP

exports[`PillOptions should match snapshot 1`] = `
<div
  className="pill-options-container"
>
  <label
    className="custom-text-input-label"
  >
    Restriction
  </label>
  <div
    className="pill-options"
  >
    <button
      className="pill-option pill-option-active"
      data-testid="pill-id-0"
      onClick={[Function]}
      type="button"
    >
      Yes
    </button>
    <button
      className="pill-option pill-option-inactive"
      data-testid="pill-id-1"
      onClick={[Function]}
      type="button"
    >
      No
    </button>
    <button
      className="pill-option pill-option-inactive"
      data-testid="pill-id-2"
      onClick={[Function]}
      type="button"
    >
      Maybe
    </button>
  </div>
</div>
`;
