// Jest Snapshot v1, https://goo.gl/fbAQLP

exports[`PillOptions should match snapshot 1`] = `
<div
  className="pill-options"
>
  <button
    className="pill-option pill-option-active"
    data-testid="pill-id-0"
    onClick={[Function]}
  >
    Yes
  </button>
  <button
    className="pill-option pill-option-inactive"
    data-testid="pill-id-1"
    onClick={[Function]}
  >
    No
  </button>
  <button
    className="pill-option pill-option-inactive"
    data-testid="pill-id-2"
    onClick={[Function]}
  >
    Maybe
  </button>
</div>
`;
