// Jest Snapshot v1, https://goo.gl/fbAQLP

exports[`ProfileHeader should match snapshot 1`] = `
<div
  className="profile-header-container"
>
  <div
    className="user-name-container"
  >
    <h1
      className="profile-header-username"
      data-testid="userName"
    >
      Candice Runolfsdottir
    </h1>
  </div>
  <div
    className="profile-header"
  >
    <img
      alt="user"
      className="user-profile-picture"
      src="./assets/icons/icon-192x192.png"
    />
    <div
      className="profile-side-container for-other-user"
    >
      <p
        className="profile-stats for-other-user"
        data-testid="portfolioCount"
      >
        2
        <br />
        Portfolio
      </p>
      <p
        className="profile-stats for-other-user"
        data-testid="friendCount"
      >
        0
        <br />
        Friends
      </p>
      <p
        className="profile-stats for-other-user"
        data-testid="hostingCount"
      >
        3
        <br />
        Hosting
      </p>
      <div
        className="friend-status-container"
      >
        <button
          className="mull-button friend-status-button "
          data-testid="mull-button"
          onClick={[Function]}
          type="submit"
        >
          Add Friend
        </button>
      </div>
    </div>
  </div>
  <div
    className="expandable-text-container profile-header-user-description"
    data-testid="expandable-text-div"
  >
    Hey, it's Candice! Thanks for following my profile~ I am really passionate about hte environment, so feel free to add me and let us go around helping 
    ... 
    <button
      className="expandable-span-button"
      data-testid="expandable-text-button"
      onClick={[Function]}
      type="button"
    >
      more
    </button>
  </div>
</div>
`;
