// Jest Snapshot v1, https://goo.gl/fbAQLP

exports[`EventMessageList should match snapshot 1`] = `
<div
  className="page-container"
>
  <div
    className="custom-text-input-container "
  >
    <label
      className="custom-text-input-label"
      htmlFor="searchField"
    />
    <input
      className="custom-text-input input-border "
      data-testid="custom-text-input"
      id="searchField"
      name="searchField"
      onChange={[Function]}
      placeholder="Search"
      type="text"
      value=""
    />
  </div>
  <div>
    <div>
      <div
        className="event-bullet-container"
      >
        <img
          alt="event"
          className="event-bullet-photo"
          src="http://localhost:3333/api/media/1"
        />
        <div
          className="event-bullet-date-box"
        >
          <span
            className="event-box-bold-font"
          >
            11
          </span>
          <span
            className="event-box-font"
          >
            Dec
          </span>
          <span
            className="event-box-font"
          >
            22
            :
            0
          </span>
        </div>
        <div>
          Test title
        </div>
      </div>
    </div>
    <div>
      <div
        className="event-bullet-container"
      >
        <img
          alt="event"
          className="event-bullet-photo"
          src="http://localhost:3333/api/media/2"
        />
        <div
          className="event-bullet-date-box"
        >
          <span
            className="event-box-bold-font"
          >
            11
          </span>
          <span
            className="event-box-font"
          >
            Dec
          </span>
          <span
            className="event-box-font"
          >
            22
            :
            0
          </span>
        </div>
        <div>
          Test title
        </div>
      </div>
    </div>
    <div>
      <div
        className="event-bullet-container"
      >
        <img
          alt="event"
          className="event-bullet-photo"
          src="http://localhost:3333/api/media/3"
        />
        <div
          className="event-bullet-date-box"
        >
          <span
            className="event-box-bold-font"
          >
            11
          </span>
          <span
            className="event-box-font"
          >
            Dec
          </span>
          <span
            className="event-box-font"
          >
            22
            :
            0
          </span>
        </div>
        <div>
          Test title
        </div>
      </div>
    </div>
  </div>
</div>
`;
