// Jest Snapshot v1, https://goo.gl/fbAQLP

exports[`CustomTextInput should match snapshot 1`] = `
<div
  className="custom-text-input-container error"
>
  <label
    className="custom-text-input-label"
    htmlFor="text"
  >
    Text
  </label>
  <div
    className="custom-text-input-sub-container"
  >
    <input
      className="custom-text-input input-border error"
      data-testid="custom-text-input"
      id="text"
      name="text"
      onChange={[MockFunction]}
      type="text"
      value=""
    />
    <div
      className="custom-text-input-icon"
    />
  </div>
  <span
    className="error-message"
  >
    Text is not valid.
  </span>
</div>
`;
