// Jest Snapshot v1, https://goo.gl/fbAQLP

exports[`EventPageInfo should match snapshot 1`] = `
<div
  className="event-page-info-container "
  style={Object {}}
>
  <div
    className="info-row"
  >
    <img
      alt="Event"
      className="event-page-avatar"
      src="./assets/icons/icon-192x192.png"
    />
    <p
      className="row-text"
      data-testid="event-page-host"
    >
      Test user
    </p>
  </div>
  <div
    className="info-row"
  >
    <svg
      aria-hidden="true"
      className="svg-inline--fa fa-map-marker-alt fa-w-12 event-page-icon color-grey"
      data-icon="map-marker-alt"
      data-prefix="fas"
      focusable="false"
      role="img"
      style={Object {}}
      viewBox="0 0 384 512"
      xmlns="http://www.w3.org/2000/svg"
    >
      <path
        d="M172.268 501.67C26.97 291.031 0 269.413 0 192 0 85.961 85.961 0 192 0s192 85.961 192 192c0 77.413-26.97 99.031-172.268 309.67-9.535 13.774-29.93 13.773-39.464 0zM192 272c44.183 0 80-35.817 80-80s-35.817-80-80-80-80 35.817-80 80 35.817 80 80 80z"
        fill="currentColor"
        style={Object {}}
      />
    </svg>
    <p
      className="row-text"
      data-testid="event-page-location"
    >
      1260 Remembrance Road Montreal, Qc
    </p>
  </div>
  <div
    className="info-row"
  >
    <svg
      aria-hidden="true"
      className="svg-inline--fa fa-align-left fa-w-14 event-page-icon color-grey"
      data-icon="align-left"
      data-prefix="fas"
      focusable="false"
      role="img"
      style={Object {}}
      viewBox="0 0 448 512"
      xmlns="http://www.w3.org/2000/svg"
    >
      <path
        d="M12.83 352h262.34A12.82 12.82 0 0 0 288 339.17v-38.34A12.82 12.82 0 0 0 275.17 288H12.83A12.82 12.82 0 0 0 0 300.83v38.34A12.82 12.82 0 0 0 12.83 352zm0-256h262.34A12.82 12.82 0 0 0 288 83.17V44.83A12.82 12.82 0 0 0 275.17 32H12.83A12.82 12.82 0 0 0 0 44.83v38.34A12.82 12.82 0 0 0 12.83 96zM432 160H16a16 16 0 0 0-16 16v32a16 16 0 0 0 16 16h416a16 16 0 0 0 16-16v-32a16 16 0 0 0-16-16zm0 256H16a16 16 0 0 0-16 16v32a16 16 0 0 0 16 16h416a16 16 0 0 0 16-16v-32a16 16 0 0 0-16-16z"
        fill="currentColor"
        style={Object {}}
      />
    </svg>
    <div
      className="expandable-text-container row-text"
      data-testid="expandable-text-div"
    >
      Lorem ipsum dolor sit amet, regione invidunt democritum vim in, movet antiopam gubergren ne per. Est nibh magna scribentur ea, vel te munere deseruiss
      ... 
      <button
        className="expandable-span-button"
        data-testid="expandable-text-button"
        onClick={[Function]}
        type="button"
      >
        more
      </button>
    </div>
  </div>
  <div
    className="info-row"
  >
    <svg
      aria-hidden="true"
      className="svg-inline--fa fa-lock fa-w-14 event-page-icon color-grey"
      data-icon="lock"
      data-prefix="fas"
      focusable="false"
      role="img"
      style={Object {}}
      viewBox="0 0 448 512"
      xmlns="http://www.w3.org/2000/svg"
    >
      <path
        d="M400 224h-24v-72C376 68.2 307.8 0 224 0S72 68.2 72 152v72H48c-26.5 0-48 21.5-48 48v192c0 26.5 21.5 48 48 48h352c26.5 0 48-21.5 48-48V272c0-26.5-21.5-48-48-48zm-104 0H152v-72c0-39.7 32.3-72 72-72s72 32.3 72 72v72z"
        fill="currentColor"
        style={Object {}}
      />
    </svg>
    <p
      className="row-text"
      data-testid="event-restriction"
    >
      Everyone
    </p>
  </div>
</div>
`;
