// Jest Snapshot v1, https://goo.gl/fbAQLP

exports[`ChatBubble should match snapshot 1`] = `
<div
  className="chat-container"
>
  <p
    className="announcement-time"
  />
  <div
    className="participant-chat-container"
  >
    <img
      alt="user picture"
      className="user-picture"
    />
    <p
      className="chat-bubble"
    />
  </div>
</div>
`;
