// Jest Snapshot v1, https://goo.gl/fbAQLP

exports[`ChatBubble should match snapshot 1`] = `
<div
  className="chat-container"
>
  <p
    className="announcement-time"
  >
    
  </p>
  <div
    className="other-user-chat-container"
  >
    <img
      alt="user"
      className="user-picture"
      onClick={null}
      src=""
    />
    <p
      className="chat-bubble"
    >
      
    </p>
  </div>
</div>
`;
