// Jest Snapshot v1, https://goo.gl/fbAQLP

exports[`ChatBubble should match snapshot 1`] = `
<div
  className="chat-bubble-container"
>
  <div
    className="chat-bubble-header"
  >
    <p>
      
    </p>
    <p
      className="chat-bubble-header-username"
    >
      Bob
    </p>
  </div>
  <div
    className="other-user-chat-container"
  >
    <img
      alt="user"
      className="user-picture button"
      onClick={null}
      src="http://localhost:3333/api/media/1"
    />
    <p
      className="chat-bubble"
    >
      
    </p>
  </div>
</div>
`;
