// Jest Snapshot v1, https://goo.gl/fbAQLP

exports[`EventCard should match snapshot 1`] = `
<div
  className="event-card-container button"
  style={Object {}}
>
  <img
    alt="Event"
    className="event-card-image"
    src="http://localhost:3333/api/media/1"
  />
  <div
    className="event-card-datetime"
    data-testid="event-card-datetime"
  >
    <div
      className="date-style"
    >
      15 JUN
    </div>
    <div>
      01:45PM
    </div>
  </div>
  <div
    className="event-card-description"
  >
    <div
      className="event-card-text"
    >
      <div
        className="event-card-title"
      >
        Test title
      </div>
      <div
        className="event-card-location"
      >
        15km • 1260 Remembrance Road Montreal, Qc
      </div>
    </div>
  </div>
</div>
`;
